#-----------------------------------------------------------
# Vivado v2018.3 (64-bit)
# SW Build 2405991 on Thu Dec  6 23:38:27 MST 2018
# IP Build 2404404 on Fri Dec  7 01:43:56 MST 2018
# Start of session at: Thu Nov  4 12:29:57 2021
# Process ID: 12516
# Current directory: C:/FPGA/AP_5v
# Command line: vivado.exe -gui_launcher_event rodinguilauncherevent1852 C:\FPGA\AP_5v\AP_5v.xpr
# Log file: C:/FPGA/AP_5v/vivado.log
# Journal file: C:/FPGA/AP_5v\vivado.jou
#-----------------------------------------------------------
start_gui
open_project C:/FPGA/AP_5v/AP_5v.xpr
update_compile_order -fileset sources_1
launch_simulation
open_wave_config C:/FPGA/ddr_controller_3/sim_tb_top_behav.wcfg
source sim_tb_top.tcl
run 69 us
relaunch_sim
run 69 us
relaunch_sim
run 69 us
relaunch_sim
run 69 us
relaunch_sim
run 69 us
relaunch_sim
run 69 us
relaunch_sim
run 69 us
relaunch_sim
run 69 us
relaunch_sim
run 69 us
relaunch_sim
run 69 us
reset_run synth_1
launch_runs synth_1 -jobs 8
wait_on_run synth_1
close_sim
launch_runs impl_1 -jobs 8
wait_on_run impl_1
